// Jest Snapshot v1, https://goo.gl/fbAQLP

exports[`DatasetMapping returns correct props 1`] = `
Array [
  Object {
    "id": "1",
    "key": "item1",
    "onClick": [MockFunction],
    "text": "Item 1",
  },
  Object {
    "id": "2",
    "key": "item2",
    "onClick": [MockFunction],
    "text": "Item 2",
  },
  Object {
    "id": "3",
    "key": "item3",
    "onClick": [MockFunction],
    "text": "Item 3",
  },
  Object {
    "id": "5",
    "key": "item5",
    "text": "Item 5",
  },
  Object {
    "id": "6",
    "key": "item6",
    "onClick": [MockFunction],
    "text": "Item 6",
  },
  Object {
    "id": "7",
    "key": "item7",
    "onClick": [MockFunction],
    "text": "Item 7",
  },
  Object {
    "id": "8",
    "key": "item8",
    "onClick": [MockFunction],
    "text": "Item 8",
  },
]
`;
